# Data too long. Original file: https://github.com/amplication/amplication/packages/data-service-generator/src/tests/__snapshots__/create-data-service.spec.ts.snap